// Jest Snapshot v1, https://goo.gl/fbAQLP

exports[`PullToRefresh renders correctly 1`] = `
<PullToRefresh
  pullDownToRefresh={
    Object {
      "displayFlag": false,
      "loadingContent": "Loading...",
      "pullDownHandler": [Function],
    }
  }
  pullUpToRefresh={
    Object {
      "displayFlag": true,
      "loadingContent": "Loading...",
      "pullUpHandler": [Function],
    }
  }
>
  <PullUpToRefresh
    backgroundColor="#f2f2f2"
    borderHeight={0}
    className=""
    color="black"
    displayFlag={true}
    fontSize="20px"
    height={50}
    loadingContent="Loading..."
    margin="0px"
    padding="0px"
    pullUpHandler={[Function]}
    threshold={10}
    throttleTermMS={80}
  >
    <div
      className=""
    >
      <div>
        <PullDownToRefresh
          backgroundColor="#f2f2f2"
          borderHeight={0}
          className=""
          color="black"
          displayFlag={false}
          fontSize="20px"
          height={50}
          loadingContent="Loading..."
          margin="0px"
          padding="0px"
          pullDownHandler={[Function]}
          threshold={10}
          throttleTermMS={80}
        >
          <div
            className=""
          >
            <LoadingArea
              backgroundColor="#f2f2f2"
              borderHeight={0}
              className=""
              color="black"
              displayFlag={false}
              fontSize="20px"
              height={50}
              loadingContent="Loading..."
              margin="0px"
              padding="0px"
              pullDownHandler={[Function]}
              threshold={10}
              throttleTermMS={80}
              updatingFlag={false}
            >
              <div
                className="loading_base not_loading"
              />
            </LoadingArea>
            <div>
              <ul>
                <li>
                  0
                </li>
                <li>
                  1
                </li>
                <li>
                  2
                </li>
                <li>
                  3
                </li>
                <li>
                  4
                </li>
                <li>
                  5
                </li>
                <li>
                  6
                </li>
                <li>
                  7
                </li>
                <li>
                  8
                </li>
                <li>
                  9
                </li>
              </ul>
            </div>
          </div>
        </PullDownToRefresh>
      </div>
      <LoadingArea
        backgroundColor="#f2f2f2"
        borderHeight={0}
        className=""
        color="black"
        displayFlag={true}
        fontSize="20px"
        height={50}
        loadingContent="Loading..."
        margin="0px"
        padding="0px"
        pullUpHandler={[Function]}
        threshold={10}
        throttleTermMS={80}
        updatingFlag={false}
      >
        <div
          className="loading_base not_loading"
        >
          Loading...
        </div>
      </LoadingArea>
    </div>
  </PullUpToRefresh>
</PullToRefresh>
`;
